red_ord|ch|200 8447 https://www.reddit.com/r/TheOrdinarySkincare/comments/1jjnh3l/argeriline/
red_ord|gb|403 1486 https://www.reddit.com/r/TheOrdinarySkincare/comments/1jjnh3l/argeriline/
wiki|ch|200 123380 https://en.wikipedia.org/wiki/Acetyl_hexapeptide-8
red_sa|ch|200 8474 https://www.reddit.com/r/SkincareAddiction/comments/1cxvmfu/product_question_can_we_talk_argireline/
wiki|gb|403 105 https://en.wikipedia.org/wiki/Acetyl_hexapeptide-8
red_sa|gb|403 1486 https://www.reddit.com/r/SkincareAddiction/comments/1cxvmfu/product_question_can_we_talk_argireline/
argentum|ch|200 569524 https://argentum.com/blogs/the-journal/a-guide-to-argireline
edspa1|ch|200 79533 https://www.essentialdayspa.com/forum/viewthread.php?tid=42839
to_arg|ch|200 408317 https://theordinary.com/en-us/argireline-solution-10-serum-100403.html
am3|ch|200 1249654 https://www.amazon.com/dp/B01ND352PB?plpRedirect=mhFallback
gopicky|ch|200 103195 https://gopicky.com/discussion/2603/when-can-i-use-to-argireline-after-to-peeling-solution
vogue|ch|200 1400250 https://www.vogue.com/article/argireline-peptide
am1|ch|200 1763415 https://www.amazon.com/dp/B01M73TNMO?plpRedirect=mhFallback
midi|ch|200 322482 https://www.joinmidi.com/post/argireline
to_arg|gb|200 408317 https://theordinary.com/en-us/argireline-solution-10-serum-100403.html
am3|gb|200 58465 https://www.amazon.com/clp/B01ND352PB
vogue|gb|200 1400250 https://www.vogue.com/article/argireline-peptide
paula|ch|200 489258 https://www.paulaschoice.se/en/acetyl-hexapeptide-8/ingredient-acetyl-hexapeptide-8.html
edspa1|gb|200 79696 https://www.essentialdayspa.com/forum/viewthread.php?tid=42839
am1|gb|200 62187 https://www.amazon.com/clp/B01M73TNMO
specialchem|ch|403 5049 https://www.specialchem.com/cosmetics/inci-ingredients/acetyl-hexapeptide-8
specialchem|gb|403 5049 https://www.specialchem.com/cosmetics/inci-ingredients/acetyl-hexapeptide-8
gopicky|gb|200 103264 https://gopicky.com/discussion/2603/when-can-i-use-to-argireline-after-to-peeling-solution
pmc|ch|200 188694 https://pmc.ncbi.nlm.nih.gov/articles/PMC12193160/
paula|gb|200 488885 https://www.paulaschoice.se/en/acetyl-hexapeptide-8/ingredient-acetyl-hexapeptide-8.html
midi|gb|200 322510 https://www.joinmidi.com/post/argireline
depology|ch|200 301897 https://depology.com/blogs/news/what-are-argireline-benefits-to-your-skin
pmc|gb|200 210801 https://pmc.ncbi.nlm.nih.gov/articles/PMC12193160/
wmag|ch|200 115935 https://www.wmagazine.com/beauty/the-ordinary-10-percent-argireline-solution-review
depology|gb|200 301897 https://depology.com/blogs/news/what-are-argireline-benefits-to-your-skin
jdd|ch|200 270321 https://jddonline.com/articles/acetyl-hexapeptide-8-as-topical-alternative-botulinum-toxin-review-of-literature-S1545961625P8760X
womens|ch|200 907653 https://www.womenshealthmag.com/beauty/a73722285/argireline-for-wrinkle-smoothing-botox-alternative/
wmag|gb|200 115935 https://www.wmagazine.com/beauty/the-ordinary-10-percent-argireline-solution-review
asterblog|ch|200 248200 https://www.asterwood.co/blogs/skincare/argireline-the-botox-alternative-that-actually-works
am_bach|ch|200 2063914 https://www.amazon.com/dp/B0CZXTMJLS?plpRedirect=mhFallback
realself|ch|200 158440 https://www.realself.com/question/vancouver-british-columbia-canada-true-argireline-works-botox
maelove|ch|200 234783 https://maelove.com/blogs/skincare-science/how-argireline-is-and-is-not-like-botox
asterblog|gb|200 248200 https://www.asterwood.co/blogs/skincare/argireline-the-botox-alternative-that-actually-works
realself|gb|403 7255 https://www.realself.com/question/vancouver-british-columbia-canada-true-argireline-works-botox
maelove|gb|200 234783 https://maelove.com/blogs/skincare-science/how-argireline-is-and-is-not-like-botox
argentum|gb|200 569524 https://argentum.com/blogs/the-journal/a-guide-to-argireline
justanswer|ch|403 5997 https://www.justanswer.com/general/0lhhi-find-wholesale-prices-cosmetic-ingredients.html
womens|gb|200 981465 https://www.womenshealthmag.com/beauty/a73722285/argireline-for-wrinkle-smoothing-botox-alternative/
justanswer|gb|403 5869 https://www.justanswer.com/general/0lhhi-find-wholesale-prices-cosmetic-ingredients.html
am_bach|gb|200 58409 https://www.amazon.com/clp/B0CZXTMJLS
edspa2|ch|200 57679 https://www.essentialdayspa.com/forum/viewthread.php?p=6442811
nos|ch|200 506940 https://www.naturalorganicskincare.com/products/matrixyl-3000
to_m3|ch|200 346109 https://theordinary.com/en-us/matrixyl-3000-ingredient-glossary.html
edspa2|gb|200 57679 https://www.essentialdayspa.com/forum/viewthread.php?p=6442811
jdd|gb|200 270321 https://jddonline.com/articles/acetyl-hexapeptide-8-as-topical-alternative-botulinum-toxin-review-of-literature-S1545961625P8760X
nos|gb|200 506940 https://www.naturalorganicskincare.com/products/matrixyl-3000
facedr|ch|200 358127 https://myfacedr.com/blogs/posts/skincare-ingredient-matrixyl
to_m3|gb|200 346109 https://theordinary.com/en-us/matrixyl-3000-ingredient-glossary.html
thisisbeauty|ch|200 491564 https://thisisbeauty.us/products/timeless-skin-care-matrixyl-3000-serum-1-fl-oz
red_m3|ch|200 8480 https://www.reddit.com/r/skincaredevices/comments/1k943nh/does_asterwood_matrixyl_3000_serum_really_boost/
red_m3|gb|403 1486 https://www.reddit.com/r/skincaredevices/comments/1k943nh/does_asterwood_matrixyl_3000_serum_really_boost/
inkey|ch|200 624058 https://www.theinkeylist.com/blogs/news/what-is-matrixyl-3000-the-science-behind-inkeys-most-used-peptide
facedr|gb|200 358127 https://myfacedr.com/blogs/posts/skincare-ingredient-matrixyl
thisisbeauty|gb|200 491564 https://thisisbeauty.us/products/timeless-skin-care-matrixyl-3000-serum-1-fl-oz
target|ch|200 127570 https://www.target.com/s/best+matrixyl+3000
inkey|gb|200 625235 https://www.theinkeylist.com/blogs/news/what-is-matrixyl-3000-the-science-behind-inkeys-most-used-peptide
timeless|ch|200 1788938 https://www.timelessha.com/products/matrixyl-3000-serum-1-oz
am_m3s|ch|200 1058155 https://www.amazon.com/Asterwood-Matrixyl-Argireline-Hypochlorous-Facial/dp/B0F9QVC1Y4
target|gb|200 342810 https://www.target.com/s/best+matrixyl+3000
to_m3shop|ch|200 392828 https://theordinary.com/en-lk/the-ordinary/skincare/shop-by-ingredients/matrixyl%E2%84%A2-3000
timeless|gb|200 1788938 https://www.timelessha.com/products/matrixyl-3000-serum-1-oz
klow|ch|200 276217 https://klow-peptide.com/en/articles/matrixyl-vs-argireline/
klow|gb|200 276217 https://klow-peptide.com/en/articles/matrixyl-vs-argireline/
asterprod|ch|200 525231 https://www.asterwood.co/products/matrixyl-3000-argireline
to_m3shop|gb|200 392828 https://theordinary.com/en-lk/the-ordinary/skincare/shop-by-ingredients/matrixyl%E2%84%A2-3000
skindeva1|ch|200 457241 https://skindeva.com/matrixyl-and-argireline/
am_m3s|gb|200 151554 https://www.amazon.com/Asterwood-Matrixyl-Argireline-Hypochlorous-Facial/dp/B0F9QVC1Y4
asterprod|gb|200 525231 https://www.asterwood.co/products/matrixyl-3000-argireline
cult|ch|200 465770 https://www.cultbeauty.co.uk/p/the-ordinary-10-argireline-solution-30ml/11416769/
skindeva2|ch|200 382549 https://skindeva.com/how-to-use-matrixyl-and-argireline-together/
to_gb|ch|200 395093 https://theordinary.com/en-gb/the-ordinary/skincare/shop-by-ingredients/argireline%C2%AE
cult|gb|200 465839 https://www.cultbeauty.co.uk/p/the-ordinary-10-argireline-solution-30ml/11416769/
huff|ch|406 0 https://www.huffpost.com/entry/the-ordinary-argireline-serum-for-wrinkles-ud_l_694a0674e4b0582005c4061d
fenwick|ch|200 1770177 https://fenwick.co.uk/products/the-ordinary-argireline-solution-10
huff|gb|406 0 https://www.huffpost.com/entry/the-ordinary-argireline-serum-for-wrinkles-ud_l_694a0674e4b0582005c4061d
to_gb|gb|200 395093 https://theordinary.com/en-gb/the-ordinary/skincare/shop-by-ingredients/argireline%C2%AE
skindeva1|gb|200 457564 https://skindeva.com/matrixyl-and-argireline/
fenwick|gb|200 1770177 https://fenwick.co.uk/products/the-ordinary-argireline-solution-10
no7|ch|200 1281155 https://www.no7beauty.co.uk/c/ingredients/matrixyl-3000-plus/
skindeva2|gb|200 382868 https://skindeva.com/how-to-use-matrixyl-and-argireline-together/
to_m3gb|ch|200 359388 https://theordinary.com/en-gb/matrixyl-3000-ingredient-glossary.html
typology|ch|200 102047 https://de.typology.com/magazin/argireline-wie-wird-es-angewendet
to_m3gb|gb|200 359388 https://theordinary.com/en-gb/matrixyl-3000-ingredient-glossary.html
typology|gb|200 102047 https://de.typology.com/magazin/argireline-wie-wird-es-angewendet
proniks|ch|200 381185 https://proniksedge.com/?k=28306098031910
lookf|ch|200 413905 https://www.lookfantastic.de/p/the-ordinary-10-argireline-solution-30ml/11416769/
no7|gb|200 1281155 https://www.no7beauty.co.uk/c/ingredients/matrixyl-3000-plus/
schrammek|ch|403 5988 https://www.schrammek.de/beautynews/wirkstoffportraet-matrixyl3000-peptide-in-der-kosmetik/
lookf|gb|200 413905 https://www.lookfantastic.de/p/the-ordinary-10-argireline-solution-30ml/11416769/
schrammek|gb|403 5860 https://www.schrammek.de/beautynews/wirkstoffportraet-matrixyl3000-peptide-in-der-kosmetik/
derm|ch|200 183043 https://www.dermatica.co.uk/skinlab/what-is-matrixyl-and-how-does-it-work/
derm|gb|200 183043 https://www.dermatica.co.uk/skinlab/what-is-matrixyl-and-how-does-it-work/
clarins|ch|200 160623 https://www.clarins.de/herbarium/ingredient-matrixyl-3000.html
proniks|gb|200 146906 https://www.proniksedge.com/?k=28306098031910
marie|ch|200 1396304 https://www.marieclaire.co.uk/beauty/skincare/matrixyl-3000
clarins|gb|200 160623 https://www.clarins.de/herbarium/ingredient-matrixyl-3000.html
marie|gb|200 1396304 https://www.marieclaire.co.uk/beauty/skincare/matrixyl-3000
beautycamp|ch|200 369524 https://www.beauty.camp/lexikon/A/lexicon-argireline
beautycamp|gb|200 369524 https://www.beauty.camp/lexikon/A/lexicon-argireline
incipedia|ch|200 211082 https://www.incipedia.de/inci-abc-matrixyl-3000/
incipedia|gb|200 211196 https://www.incipedia.de/inci-abc-matrixyl-3000/
stone1|ch|000 0 https://www.stonevillenc.org/peptides-matrixyl-3000-desk/
stone2|ch|000 0 https://stonevillenc.org/matrixyl-3000-peptides-prime/
stone1|gb|000 0 https://www.stonevillenc.org/peptides-matrixyl-3000-desk/
stone2|gb|000 0 https://stonevillenc.org/matrixyl-3000-peptides-prime/
